// Jest Snapshot v1, https://goo.gl/fbAQLP

exports[`renders the UI as expected 1`] = `
<li
  className="Thread"
>
  <a
    href="/thread/undefined"
    onClick={[Function]}
  >
    <div
      className="threadFlexDiv"
    >
      <img
        className="threadAvatarImg"
      />
      <div
        className="threadBlockDiv"
      >
        <h3
          className="threadTitle"
        >
          <span
            className="userRealName"
          >
             
          </span>
          <span
            className="userUserName"
          >
            (
            )
          </span>
        </h3>
        <div
          className="lastMessageContainer"
        >
          <p
            className="lastMessage"
          >
            last message: 
          </p>
          <p
            className="lastMessageContent mobileContent"
          />
          <p
            className="lastMessageContent desktopContent"
          />
        </div>
        <p
          className="lastMessageSent"
        >
          
        </p>
      </div>
      <button
        className="deleteThreadButton"
        onClick={[Function]}
        type="delete"
      >
        <span
          className="deleteX"
        >
          X
        </span>
      </button>
    </div>
  </a>
</li>
`;
